// Jest Snapshot v1, https://goo.gl/fbAQLP

exports[`[BUTTON renders button correctly 1`] = `
<button
  aria-label="button"
  className="sc-bdfBQB kxKqVW"
  disabled={false}
  onClick={[Function]}
/>
`;
